2025-04-21 11:57:21 - INFO - Started processing the JSON file.
2025-04-21 11:57:21 - INFO - Processed Problem 1: A board game spinner is divided into three parts labeled $A$, $B$  and $C$. The probability of the spinner landing on $A$ is $\frac{1}{3}$ and the probability of the spinner landing on $B$ is $\frac{5}{12}$.  What is the probability of the spinner landing on $C$? Express your answer as a common fraction.
2025-04-21 11:57:21 - INFO - Final Answer: \frac{1}{4}
2025-04-21 11:57:43 - INFO - Processed Problem 2: My school's math club has 6 boys and 8 girls.  I need to select a team to send to the state math competition.  We want 6 people on the team.  In how many ways can I select the team without restrictions?
2025-04-21 11:57:43 - INFO - Final Answer: 3003
2025-04-21 11:58:04 - INFO - Processed Problem 3: How many 4-letter words with at least one consonant can be constructed from the letters $A$, $B$, $C$, $D$, and $E$?  (Note that $B$, $C$, and $D$ are consonants, any word is valid, not just English language words, and letters may be used more than once.)
2025-04-21 11:58:04 - INFO - Final Answer: 609
2025-04-21 11:58:24 - INFO - Processed Problem 4: Melinda will roll two standard six-sided dice and make a two-digit number with the two numbers she rolls. For example, if she rolls a 6 and a 3, she can either form 36 or 63. What is the probability that she will be able to make an integer between 10 and 20, inclusive? Express your answer as a common fraction.
2025-04-21 11:58:24 - INFO - Final Answer: \frac{11}{36}
2025-04-21 11:58:45 - INFO - Processed Problem 5: Let $p$ be the probability that, in the process of repeatedly flipping a fair coin, one will encounter a run of $5$ heads before one encounters a run of $2$ tails. Given that $p$ can be written in the form $m/n$ where $m$ and $n$ are relatively prime positive integers, find $m+n$.

2025-04-21 11:58:45 - INFO - Final Answer: 37
2025-04-21 11:59:06 - INFO - Processed Problem 6: How many four-digit numbers greater than 2999 can be formed such that the product of the middle two digits exceeds 5?
2025-04-21 11:59:06 - INFO - Final Answer: 4970
2025-04-21 11:59:27 - INFO - Processed Problem 7: I have 5 marbles numbered 1 through 5 in a bag.  Suppose I take out two different marbles at random.  What is the expected value of the sum of the numbers on the marbles?
2025-04-21 11:59:27 - INFO - Final Answer: 6
2025-04-21 12:09:48 - INFO - Processed Problem 8: A box contains 5 white balls and 6 black balls.  Two balls are drawn out of the box at random.  What is the probability that they both are white?
2025-04-21 12:09:48 - INFO - Final Answer: \dfrac{2}{11}
2025-04-21 12:10:09 - INFO - Processed Problem 9: The number of increasing sequences of positive integers $a_1 \le a_2 \le a_3 \le \cdots \le a_{10} \le 2007$ such that $a_i-i$ is even for $1\le i \le 10$ can be expressed as ${m \choose n}$ for some positive integers $m > n$. Compute the remainder when $m$ is divided by 1000.

2025-04-21 12:10:09 - INFO - Final Answer: 8
2025-04-21 12:10:30 - INFO - Processed Problem 10: Find the sum of all integers $k$ such that $\binom{23}{4} + \binom{23}{5} = \binom{24}{k}$.
2025-04-21 12:10:30 - INFO - Final Answer: 24
